main.c:75:5:main	8	static
main.c:144:6:SystemClock_Config	88	static
main.c:189:13:MX_CAN1_Init	8	static
main.c:226:13:MX_USART2_UART_Init	8	static
main.c:259:13:MX_USART6_UART_Init	8	static
main.c:292:13:MX_GPIO_Init	48	static
main.c:321:6:CAN1_TX	24	static
main.c:343:6:CAN1_RX	120	static
main.c:362:6:CAN1_filterConfig	8	static
main.c:381:6:HAL_CAN_TxMailbox0CompleteCallback	120	static
main.c:397:6:HAL_CAN_TxMailbox1CompleteCallback	120	static
main.c:413:6:HAL_CAN_TxMailbox2CompleteCallback	120	static
main.c:429:6:HAL_CAN_RxFifo0MsgPendingCallback	128	static
main.c:451:6:HAL_CAN_ErrorCallback	72	static
main.c:470:6:Error_Handler	4	static,ignoring_inline_asm
